
Inactive Modules:
  1) miniconda3


Activating Modules:
  1) miniconda3/py312_24.11.1

W0729 17:01:43.835000 2601216 site-packages/torch/distributed/run.py:793] 
W0729 17:01:43.835000 2601216 site-packages/torch/distributed/run.py:793] *****************************************
W0729 17:01:43.835000 2601216 site-packages/torch/distributed/run.py:793] Setting OMP_NUM_THREADS environment variable for each process to be 1 in default, to avoid your system being overloaded, please further tune the variable for optimal performance in your application as needed. 
W0729 17:01:43.835000 2601216 site-packages/torch/distributed/run.py:793] *****************************************
usage: methane_configurations.py [-h] [--seed SEED]
                                 [--hiphop_l_max {0,1,2,3,4}]
                                 [--hiphop_n_max {1,2,3,4}]
                                 [--run_name RUN_NAME]
                                 [--model_suffix MODEL_SUFFIX]
                                 [--wandb_mode {online,offline,disabled}]
                                 [--sweep_config SWEEP_CONFIG]
                                 [--sweep_task_id SWEEP_TASK_ID]
                                 [--n_epochs N_EPOCHS]
                                 [--termination_patience TERMINATION_PATIENCE]
                                 [--data_size DATA_SIZE]
                                 [--test_set_size TEST_SET_SIZE]
                                 [--batch_size BATCH_SIZE]
                                 [--eval_batch_size EVAL_BATCH_SIZE]
                                 [--max_batch_size MAX_BATCH_SIZE]
                                 [--parallel_backend {single,lightning-ddp,data-parallel}]
                                 [--num_gpus NUM_GPUS] [--resume]
                                 [--reset_early_stopping_patience]
                                 [--reset_batch_schedule_on_resume]
                                 [--legacy_checkpoint LEGACY_CHECKPOINT]
                                 [--checkpoint_every CHECKPOINT_EVERY]
                                 [--limit_train_batches LIMIT_TRAIN_BATCHES]
                                 [--limit_val_batches LIMIT_VAL_BATCHES]
                                 [--limit_test_batches LIMIT_TEST_BATCHES]
                                 [--activation_max_batches ACTIVATION_MAX_BATCHES]
                                 [--activation_max_values ACTIVATION_MAX_VALUES]
                                 [--invariant_max_batches INVARIANT_MAX_BATCHES]
                                 [--invariant_max_values INVARIANT_MAX_VALUES]
                                 [--polynomial_cache_debug]
usage: methane_configurations.py [-h] [--seed SEED]
                                 [--hiphop_l_max {0,1,2,3,4}]
                                 [--hiphop_n_max {1,2,3,4}]
                                 [--run_name RUN_NAME]
                                 [--model_suffix MODEL_SUFFIX]
                                 [--wandb_mode {online,offline,disabled}]
                                 [--sweep_config SWEEP_CONFIG]
                                 [--sweep_task_id SWEEP_TASK_ID]
                                 [--n_epochs N_EPOCHS]
                                 [--termination_patience TERMINATION_PATIENCE]
                                 [--data_size DATA_SIZE]
                                 [--test_set_size TEST_SET_SIZE]
                                 [--batch_size BATCH_SIZE]
                                 [--eval_batch_size EVAL_BATCH_SIZE]
                                 [--max_batch_size MAX_BATCH_SIZE]
                                 [--parallel_backend {single,lightning-ddp,data-parallel}]
                                 [--num_gpus NUM_GPUS] [--resume]
                                 [--reset_early_stopping_patience]
                                 [--reset_batch_schedule_on_resume]
                                 [--legacy_checkpoint LEGACY_CHECKPOINT]
                                 [--checkpoint_every CHECKPOINT_EVERY]
                                 [--limit_train_batches LIMIT_TRAIN_BATCHES]
                                 [--limit_val_batches LIMIT_VAL_BATCHES]
                                 [--limit_test_batches LIMIT_TEST_BATCHES]
                                 [--activation_max_batches ACTIVATION_MAX_BATCHES]
                                 [--activation_max_values ACTIVATION_MAX_VALUES]
                                 [--invariant_max_batches INVARIANT_MAX_BATCHES]
                                 [--invariant_max_values INVARIANT_MAX_VALUES]
                                 [--polynomial_cache_debug]
methane_configurations.py: error: missing required arguments: --run_name
methane_configurations.py: error: missing required arguments: --run_name
usage: methane_configurations.py [-h] [--seed SEED]
                                 [--hiphop_l_max {0,1,2,3,4}]
                                 [--hiphop_n_max {1,2,3,4}]
                                 [--run_name RUN_NAME]
                                 [--model_suffix MODEL_SUFFIX]
                                 [--wandb_mode {online,offline,disabled}]
                                 [--sweep_config SWEEP_CONFIG]
                                 [--sweep_task_id SWEEP_TASK_ID]
                                 [--n_epochs N_EPOCHS]
                                 [--termination_patience TERMINATION_PATIENCE]
                                 [--data_size DATA_SIZE]
                                 [--test_set_size TEST_SET_SIZE]
                                 [--batch_size BATCH_SIZE]
                                 [--eval_batch_size EVAL_BATCH_SIZE]
                                 [--max_batch_size MAX_BATCH_SIZE]
                                 [--parallel_backend {single,lightning-ddp,data-parallel}]
                                 [--num_gpus NUM_GPUS] [--resume]
                                 [--reset_early_stopping_patience]
                                 [--reset_batch_schedule_on_resume]
                                 [--legacy_checkpoint LEGACY_CHECKPOINT]
                                 [--checkpoint_every CHECKPOINT_EVERY]
                                 [--limit_train_batches LIMIT_TRAIN_BATCHES]
                                 [--limit_val_batches LIMIT_VAL_BATCHES]
                                 [--limit_test_batches LIMIT_TEST_BATCHES]
                                 [--activation_max_batches ACTIVATION_MAX_BATCHES]
                                 [--activation_max_values ACTIVATION_MAX_VALUES]
                                 [--invariant_max_batches INVARIANT_MAX_BATCHES]
                                 [--invariant_max_values INVARIANT_MAX_VALUES]
                                 [--polynomial_cache_debug]
methane_configurations.py: error: missing required arguments: --run_name
usage: methane_configurations.py [-h] [--seed SEED]
                                 [--hiphop_l_max {0,1,2,3,4}]
                                 [--hiphop_n_max {1,2,3,4}]
                                 [--run_name RUN_NAME]
                                 [--model_suffix MODEL_SUFFIX]
                                 [--wandb_mode {online,offline,disabled}]
                                 [--sweep_config SWEEP_CONFIG]
                                 [--sweep_task_id SWEEP_TASK_ID]
                                 [--n_epochs N_EPOCHS]
                                 [--termination_patience TERMINATION_PATIENCE]
                                 [--data_size DATA_SIZE]
                                 [--test_set_size TEST_SET_SIZE]
                                 [--batch_size BATCH_SIZE]
                                 [--eval_batch_size EVAL_BATCH_SIZE]
                                 [--max_batch_size MAX_BATCH_SIZE]
                                 [--parallel_backend {single,lightning-ddp,data-parallel}]
                                 [--num_gpus NUM_GPUS] [--resume]
                                 [--reset_early_stopping_patience]
                                 [--reset_batch_schedule_on_resume]
                                 [--legacy_checkpoint LEGACY_CHECKPOINT]
                                 [--checkpoint_every CHECKPOINT_EVERY]
                                 [--limit_train_batches LIMIT_TRAIN_BATCHES]
                                 [--limit_val_batches LIMIT_VAL_BATCHES]
                                 [--limit_test_batches LIMIT_TEST_BATCHES]
                                 [--activation_max_batches ACTIVATION_MAX_BATCHES]
                                 [--activation_max_values ACTIVATION_MAX_VALUES]
                                 [--invariant_max_batches INVARIANT_MAX_BATCHES]
                                 [--invariant_max_values INVARIANT_MAX_VALUES]
                                 [--polynomial_cache_debug]
methane_configurations.py: error: missing required arguments: --run_name
W0729 17:01:55.962000 2601216 site-packages/torch/distributed/elastic/multiprocessing/api.py:897] Sending process 2601282 closing signal SIGTERM
W0729 17:01:55.964000 2601216 site-packages/torch/distributed/elastic/multiprocessing/api.py:897] Sending process 2601285 closing signal SIGTERM
E0729 17:01:56.529000 2601216 site-packages/torch/distributed/elastic/multiprocessing/api.py:869] failed (exitcode: 2) local_rank: 1 (pid: 2601283) of binary: /vast/home/logan_bolton/.conda/envs/hippynn-expanded-lmax/bin/python
Traceback (most recent call last):
  File "/vast/home/logan_bolton/.conda/envs/hippynn-expanded-lmax/bin/torchrun", line 33, in <module>
    sys.exit(load_entry_point('torch==2.5.1', 'console_scripts', 'torchrun')())
             ^^^^^^^^^^^^^^^^^^^^^^^^^^^^^^^^^^^^^^^^^^^^^^^^^^^^^^^^^^^^^^^^^
  File "/vast/home/logan_bolton/.conda/envs/hippynn-expanded-lmax/lib/python3.12/site-packages/torch/distributed/elastic/multiprocessing/errors/__init__.py", line 355, in wrapper
    return f(*args, **kwargs)
           ^^^^^^^^^^^^^^^^^^
  File "/vast/home/logan_bolton/.conda/envs/hippynn-expanded-lmax/lib/python3.12/site-packages/torch/distributed/run.py", line 919, in main
    run(args)
  File "/vast/home/logan_bolton/.conda/envs/hippynn-expanded-lmax/lib/python3.12/site-packages/torch/distributed/run.py", line 910, in run
    elastic_launch(
  File "/vast/home/logan_bolton/.conda/envs/hippynn-expanded-lmax/lib/python3.12/site-packages/torch/distributed/launcher/api.py", line 138, in __call__
    return launch_agent(self._config, self._entrypoint, list(args))
           ^^^^^^^^^^^^^^^^^^^^^^^^^^^^^^^^^^^^^^^^^^^^^^^^^^^^^^^^
  File "/vast/home/logan_bolton/.conda/envs/hippynn-expanded-lmax/lib/python3.12/site-packages/torch/distributed/launcher/api.py", line 269, in launch_agent
    raise ChildFailedError(
torch.distributed.elastic.multiprocessing.errors.ChildFailedError: 
============================================================
training/methane_configurations.py FAILED
------------------------------------------------------------
Failures:
[1]:
  time      : 2026-07-29_17:01:55
  host      : cn0
  rank      : 2 (local_rank: 2)
  exitcode  : 2 (pid: 2601284)
  error_file: <N/A>
  traceback : To enable traceback see: https://pytorch.org/docs/stable/elastic/errors.html
------------------------------------------------------------
Root Cause (first observed failure):
[0]:
  time      : 2026-07-29_17:01:55
  host      : cn0
  rank      : 1 (local_rank: 1)
  exitcode  : 2 (pid: 2601283)
  error_file: <N/A>
  traceback : To enable traceback see: https://pytorch.org/docs/stable/elastic/errors.html
============================================================
