all configs [{'tensor_model': 'HOP', 'tensor_order': 1, 'tensor_factors': 2}, {'tensor_model': 'HOP', 'tensor_order': 2, 'tensor_factors': 2}, {'tensor_model': 'HOP', 'tensor_order': 2, 'tensor_factors': 3}, {'tensor_model': 'HOP', 'tensor_order': 2, 'tensor_factors': 4}, {'tensor_model': 'HOP', 'tensor_order': 3, 'tensor_factors': 2}, {'tensor_model': 'HOP', 'tensor_order': 3, 'tensor_factors': 3}]
kernel info {'kernel_mode': 'triton', 'custom_kernels': 'triton', 'triton_version': '3.7.1', 'triton_file': '/vast/home/logan_bolton/.conda/envs/hippynn-expanded-lmax/lib/python3.12/site-packages/triton/__init__.py', 'use_polynomial_invariants': True, 'use_tensor_message_passing': True}
Loading arrays from /vast/home/logan_bolton/Github/hippynn-optimizations-expanded/datasets/ani1x-release.h5
Arrays found:  ['atomic_numbers', 'ccsd(t)_cbs.energy', 'coordinates', 'wb97x_dz.energy', 'wb97x_dz.forces', 'sys_number']
Data types:
{'atomic_numbers': dtype('uint8'), 'ccsd(t)_cbs.energy': dtype('float64'), 'coordinates': dtype('float32'), 'wb97x_dz.energy': dtype('float64'), 'wb97x_dz.forces': dtype('float32')}
All arrays:
--------------------------------------------------------------------------------------
| Name                           | dtype              | shape                        |
--------------------------------------------------------------------------------------
| atomic_numbers                 | dtype('uint8')     | (4956005, 63)                |
| ccsd(t)_cbs.energy             | dtype('float64')   | (4956005,)                   |
| coordinates                    | dtype('float32')   | (4956005, 63, 3)             |
| wb97x_dz.energy                | dtype('float64')   | (4956005,)                   |
| wb97x_dz.forces                | dtype('float32')   | (4956005, 63, 3)             |
--------------------------------------------------------------------------------------
Finished checking input and target arrays; all necessary arrays were found.
Database: Using auto-generated data indices
Adding split indices for split: test
Arrays for split: test
--------------------------------------------------------------------------------------
| Name                           | dtype              | shape                        |
--------------------------------------------------------------------------------------
| atomic_numbers                 | dtype('int64')     | (48957, 63)                  |
| ccsd(t)_cbs.energy             | dtype('float64')   | (48957,)                     |
| coordinates                    | dtype('float32')   | (48957, 63, 3)               |
| wb97x_dz.energy                | dtype('float32')   | (48957,)                     |
| wb97x_dz.forces                | dtype('float32')   | (48957, 63, 3)               |
| indices                        | dtype('int64')     | (48957,)                     |
| split_indices                  | dtype('int64')     | (48957,)                     |
--------------------------------------------------------------------------------------
Adding split indices for split: valid
Arrays for split: valid
--------------------------------------------------------------------------------------
| Name                           | dtype              | shape                        |
--------------------------------------------------------------------------------------
| atomic_numbers                 | dtype('int64')     | (48957, 63)                  |
| ccsd(t)_cbs.energy             | dtype('float64')   | (48957,)                     |
| coordinates                    | dtype('float32')   | (48957, 63, 3)               |
| wb97x_dz.energy                | dtype('float32')   | (48957,)                     |
| wb97x_dz.forces                | dtype('float32')   | (48957, 63, 3)               |
| indices                        | dtype('int64')     | (48957,)                     |
| split_indices                  | dtype('int64')     | (48957,)                     |
--------------------------------------------------------------------------------------
Adding split indices for split: train
Arrays for split: train
--------------------------------------------------------------------------------------
| Name                           | dtype              | shape                        |
--------------------------------------------------------------------------------------
| atomic_numbers                 | dtype('int64')     | (391657, 63)                 |
| ccsd(t)_cbs.energy             | dtype('float64')   | (391657,)                    |
| coordinates                    | dtype('float32')   | (391657, 63, 3)              |
| wb97x_dz.energy                | dtype('float32')   | (391657,)                    |
| wb97x_dz.forces                | dtype('float32')   | (391657, 63, 3)              |
| indices                        | dtype('int64')     | (391657,)                    |
| split_indices                  | dtype('int64')     | (391657,)                    |
--------------------------------------------------------------------------------------
Database: Splitting complete.
/vast/home/logan_bolton/Github/hippynn-optimizations-expanded/hippynn/databases/database.py:181: UserWarning: Pin memory was set, but target device requested is not CPU. Setting pin_memory=False.
  warnings.warn("Pin memory was set, but target device requested is not CPU. Setting pin_memory=False.")
test configs: 48957
test atoms: 676395
/vast/home/logan_bolton/Github/hippynn-optimizations-expanded/hippynn/networks/hiphop.py:12: UserWarning: HIP-HOP-NN is still in a beta state: Details, defaults, and API are still subject to change.
  warnings.warn("HIP-HOP-NN is still in a beta state: " "Details, defaults, and API are still subject to change.")
Configuration: {'tensor_model': 'HOP', 'tensor_order': 1, 'tensor_factors': 2} parameters: 653673
Autotuning kernel tensor_products_kernel with config T_BLOCK_SIZE: 16, S_BLOCK_SIZE: 4, Z_BLOCK_SIZE: 64, num_warps: 2, num_ctas: 1, num_stages: 2, maxnreg: None
Autotuning kernel tensor_products_kernel with config T_BLOCK_SIZE: 16, S_BLOCK_SIZE: 4, Z_BLOCK_SIZE: 64, num_warps: 2, num_ctas: 1, num_stages: 3, maxnreg: None
Autotuning kernel tensor_products_kernel with config T_BLOCK_SIZE: 16, S_BLOCK_SIZE: 4, Z_BLOCK_SIZE: 64, num_warps: 2, num_ctas: 1, num_stages: 4, maxnreg: None
Autotuning kernel tensor_products_kernel with config T_BLOCK_SIZE: 16, S_BLOCK_SIZE: 4, Z_BLOCK_SIZE: 64, num_warps: 2, num_ctas: 1, num_stages: 5, maxnreg: None
Autotuning kernel tensor_products_kernel with config T_BLOCK_SIZE: 16, S_BLOCK_SIZE: 4, Z_BLOCK_SIZE: 64, num_warps: 2, num_ctas: 1, num_stages: 6, maxnreg: None
Autotuning kernel tensor_products_kernel with config T_BLOCK_SIZE: 16, S_BLOCK_SIZE: 4, Z_BLOCK_SIZE: 64, num_warps: 4, num_ctas: 1, num_stages: 2, maxnreg: None
Autotuning kernel tensor_products_kernel with config T_BLOCK_SIZE: 16, S_BLOCK_SIZE: 4, Z_BLOCK_SIZE: 64, num_warps: 4, num_ctas: 1, num_stages: 3, maxnreg: None
Autotuning kernel tensor_products_kernel with config T_BLOCK_SIZE: 16, S_BLOCK_SIZE: 4, Z_BLOCK_SIZE: 64, num_warps: 4, num_ctas: 1, num_stages: 4, maxnreg: None
Autotuning kernel tensor_products_kernel with config T_BLOCK_SIZE: 16, S_BLOCK_SIZE: 4, Z_BLOCK_SIZE: 64, num_warps: 4, num_ctas: 1, num_stages: 5, maxnreg: None
Autotuning kernel tensor_products_kernel with config T_BLOCK_SIZE: 16, S_BLOCK_SIZE: 4, Z_BLOCK_SIZE: 64, num_warps: 4, num_ctas: 1, num_stages: 6, maxnreg: None
Autotuning kernel tensor_products_kernel with config T_BLOCK_SIZE: 16, S_BLOCK_SIZE: 4, Z_BLOCK_SIZE: 64, num_warps: 8, num_ctas: 1, num_stages: 2, maxnreg: None
Autotuning kernel tensor_products_kernel with config T_BLOCK_SIZE: 16, S_BLOCK_SIZE: 4, Z_BLOCK_SIZE: 64, num_warps: 8, num_ctas: 1, num_stages: 3, maxnreg: None
Autotuning kernel tensor_products_kernel with config T_BLOCK_SIZE: 16, S_BLOCK_SIZE: 4, Z_BLOCK_SIZE: 64, num_warps: 8, num_ctas: 1, num_stages: 4, maxnreg: None
Autotuning kernel tensor_products_kernel with config T_BLOCK_SIZE: 16, S_BLOCK_SIZE: 4, Z_BLOCK_SIZE: 64, num_warps: 8, num_ctas: 1, num_stages: 5, maxnreg: None
Autotuning kernel tensor_products_kernel with config T_BLOCK_SIZE: 16, S_BLOCK_SIZE: 4, Z_BLOCK_SIZE: 64, num_warps: 8, num_ctas: 1, num_stages: 6, maxnreg: None
Autotuning kernel tensor_products_kernel with config T_BLOCK_SIZE: 16, S_BLOCK_SIZE: 8, Z_BLOCK_SIZE: 64, num_warps: 2, num_ctas: 1, num_stages: 2, maxnreg: None
Autotuning kernel tensor_products_kernel with config T_BLOCK_SIZE: 16, S_BLOCK_SIZE: 8, Z_BLOCK_SIZE: 64, num_warps: 2, num_ctas: 1, num_stages: 3, maxnreg: None
Autotuning kernel tensor_products_kernel with config T_BLOCK_SIZE: 16, S_BLOCK_SIZE: 8, Z_BLOCK_SIZE: 64, num_warps: 2, num_ctas: 1, num_stages: 4, maxnreg: None
Autotuning kernel tensor_products_kernel with config T_BLOCK_SIZE: 16, S_BLOCK_SIZE: 8, Z_BLOCK_SIZE: 64, num_warps: 2, num_ctas: 1, num_stages: 5, maxnreg: None
Autotuning kernel tensor_products_kernel with config T_BLOCK_SIZE: 16, S_BLOCK_SIZE: 8, Z_BLOCK_SIZE: 64, num_warps: 2, num_ctas: 1, num_stages: 6, maxnreg: None
Autotuning kernel tensor_products_kernel with config T_BLOCK_SIZE: 16, S_BLOCK_SIZE: 8, Z_BLOCK_SIZE: 64, num_warps: 4, num_ctas: 1, num_stages: 2, maxnreg: None
Autotuning kernel tensor_products_kernel with config T_BLOCK_SIZE: 16, S_BLOCK_SIZE: 8, Z_BLOCK_SIZE: 64, num_warps: 4, num_ctas: 1, num_stages: 3, maxnreg: None
Autotuning kernel tensor_products_kernel with config T_BLOCK_SIZE: 16, S_BLOCK_SIZE: 8, Z_BLOCK_SIZE: 64, num_warps: 4, num_ctas: 1, num_stages: 4, maxnreg: None
Autotuning kernel tensor_products_kernel with config T_BLOCK_SIZE: 16, S_BLOCK_SIZE: 8, Z_BLOCK_SIZE: 64, num_warps: 4, num_ctas: 1, num_stages: 5, maxnreg: None
Autotuning kernel tensor_products_kernel with config T_BLOCK_SIZE: 16, S_BLOCK_SIZE: 8, Z_BLOCK_SIZE: 64, num_warps: 4, num_ctas: 1, num_stages: 6, maxnreg: None
Autotuning kernel tensor_products_kernel with config T_BLOCK_SIZE: 16, S_BLOCK_SIZE: 8, Z_BLOCK_SIZE: 64, num_warps: 8, num_ctas: 1, num_stages: 2, maxnreg: None
Autotuning kernel tensor_products_kernel with config T_BLOCK_SIZE: 16, S_BLOCK_SIZE: 8, Z_BLOCK_SIZE: 64, num_warps: 8, num_ctas: 1, num_stages: 3, maxnreg: None
Autotuning kernel tensor_products_kernel with config T_BLOCK_SIZE: 16, S_BLOCK_SIZE: 8, Z_BLOCK_SIZE: 64, num_warps: 8, num_ctas: 1, num_stages: 4, maxnreg: None
Autotuning kernel tensor_products_kernel with config T_BLOCK_SIZE: 16, S_BLOCK_SIZE: 8, Z_BLOCK_SIZE: 64, num_warps: 8, num_ctas: 1, num_stages: 5, maxnreg: None
Autotuning kernel tensor_products_kernel with config T_BLOCK_SIZE: 16, S_BLOCK_SIZE: 8, Z_BLOCK_SIZE: 64, num_warps: 8, num_ctas: 1, num_stages: 6, maxnreg: None
Triton autotuning for function tensor_products_kernel,
with key as (True, False, False, False, 'torch.float32', 'torch.float32', 'torch.float32', 'torch.float32', 'torch.float32', 'torch.float32', 'torch.float32', 'torch.float32', 'torch.int64', 'torch.int64', 'torch.int64'),
finished after 4.84s,
best config selected: T_BLOCK_SIZE: 16, S_BLOCK_SIZE: 4, Z_BLOCK_SIZE: 64, num_warps: 2, num_ctas: 1, num_stages: 2, maxnreg: None;
Autotuning kernel evaluate_polynomials_kernel with config NUM_POINTS_TO_LOAD: 16, NUM_MONOMIALS_TO_LOAD: 8, num_warps: 2, num_ctas: 1, num_stages: 1, maxnreg: None
Autotuning kernel evaluate_polynomials_kernel with config NUM_POINTS_TO_LOAD: 128, NUM_MONOMIALS_TO_LOAD: 8, num_warps: 2, num_ctas: 1, num_stages: 2, maxnreg: None
Autotuning kernel evaluate_polynomials_kernel with config NUM_POINTS_TO_LOAD: 32, NUM_MONOMIALS_TO_LOAD: 8, num_warps: 4, num_ctas: 1, num_stages: 1, maxnreg: None
Autotuning kernel evaluate_polynomials_kernel with config NUM_POINTS_TO_LOAD: 32, NUM_MONOMIALS_TO_LOAD: 16, num_warps: 4, num_ctas: 1, num_stages: 1, maxnreg: None
Autotuning kernel evaluate_polynomials_kernel with config NUM_POINTS_TO_LOAD: 32, NUM_MONOMIALS_TO_LOAD: 16, num_warps: 4, num_ctas: 1, num_stages: 2, maxnreg: None
Autotuning kernel evaluate_polynomials_kernel with config NUM_POINTS_TO_LOAD: 64, NUM_MONOMIALS_TO_LOAD: 16, num_warps: 8, num_ctas: 1, num_stages: 1, maxnreg: None
Autotuning kernel evaluate_polynomials_kernel with config NUM_POINTS_TO_LOAD: 64, NUM_MONOMIALS_TO_LOAD: 32, num_warps: 8, num_ctas: 1, num_stages: 1, maxnreg: None
Triton autotuning for function evaluate_polynomials_kernel,
with key as (4194304, 4, 2, 'torch.float32', 'torch.float32', 'torch.int32', 'torch.int32', 'torch.int32', 'torch.float32'),
finished after 2.71s,
best config selected: NUM_POINTS_TO_LOAD: 128, NUM_MONOMIALS_TO_LOAD: 8, num_warps: 2, num_ctas: 1, num_stages: 2, maxnreg: None;
Autotuning kernel evaluate_polynomials_kernel with config NUM_POINTS_TO_LOAD: 16, NUM_MONOMIALS_TO_LOAD: 8, num_warps: 2, num_ctas: 1, num_stages: 1, maxnreg: None
Autotuning kernel evaluate_polynomials_kernel with config NUM_POINTS_TO_LOAD: 128, NUM_MONOMIALS_TO_LOAD: 8, num_warps: 2, num_ctas: 1, num_stages: 2, maxnreg: None
Autotuning kernel evaluate_polynomials_kernel with config NUM_POINTS_TO_LOAD: 32, NUM_MONOMIALS_TO_LOAD: 8, num_warps: 4, num_ctas: 1, num_stages: 1, maxnreg: None
Autotuning kernel evaluate_polynomials_kernel with config NUM_POINTS_TO_LOAD: 32, NUM_MONOMIALS_TO_LOAD: 16, num_warps: 4, num_ctas: 1, num_stages: 1, maxnreg: None
Autotuning kernel evaluate_polynomials_kernel with config NUM_POINTS_TO_LOAD: 32, NUM_MONOMIALS_TO_LOAD: 16, num_warps: 4, num_ctas: 1, num_stages: 2, maxnreg: None
Autotuning kernel evaluate_polynomials_kernel with config NUM_POINTS_TO_LOAD: 64, NUM_MONOMIALS_TO_LOAD: 16, num_warps: 8, num_ctas: 1, num_stages: 1, maxnreg: None
Autotuning kernel evaluate_polynomials_kernel with config NUM_POINTS_TO_LOAD: 64, NUM_MONOMIALS_TO_LOAD: 32, num_warps: 8, num_ctas: 1, num_stages: 1, maxnreg: None
Triton autotuning for function evaluate_polynomials_kernel,
with key as (1048576, 4, 2, 'torch.float32', 'torch.float32', 'torch.int32', 'torch.int32', 'torch.int32', 'torch.float32'),
finished after 2.75s,
best config selected: NUM_POINTS_TO_LOAD: 128, NUM_MONOMIALS_TO_LOAD: 8, num_warps: 2, num_ctas: 1, num_stages: 2, maxnreg: None;
Autotuning kernel evaluate_polynomials_kernel with config NUM_POINTS_TO_LOAD: 16, NUM_MONOMIALS_TO_LOAD: 8, num_warps: 2, num_ctas: 1, num_stages: 1, maxnreg: None
Autotuning kernel evaluate_polynomials_kernel with config NUM_POINTS_TO_LOAD: 128, NUM_MONOMIALS_TO_LOAD: 8, num_warps: 2, num_ctas: 1, num_stages: 2, maxnreg: None
Autotuning kernel evaluate_polynomials_kernel with config NUM_POINTS_TO_LOAD: 32, NUM_MONOMIALS_TO_LOAD: 8, num_warps: 4, num_ctas: 1, num_stages: 1, maxnreg: None
Autotuning kernel evaluate_polynomials_kernel with config NUM_POINTS_TO_LOAD: 32, NUM_MONOMIALS_TO_LOAD: 16, num_warps: 4, num_ctas: 1, num_stages: 1, maxnreg: None
Autotuning kernel evaluate_polynomials_kernel with config NUM_POINTS_TO_LOAD: 32, NUM_MONOMIALS_TO_LOAD: 16, num_warps: 4, num_ctas: 1, num_stages: 2, maxnreg: None
Autotuning kernel evaluate_polynomials_kernel with config NUM_POINTS_TO_LOAD: 64, NUM_MONOMIALS_TO_LOAD: 16, num_warps: 8, num_ctas: 1, num_stages: 1, maxnreg: None
Autotuning kernel evaluate_polynomials_kernel with config NUM_POINTS_TO_LOAD: 64, NUM_MONOMIALS_TO_LOAD: 32, num_warps: 8, num_ctas: 1, num_stages: 1, maxnreg: None
Triton autotuning for function evaluate_polynomials_kernel,
with key as (2097152, 4, 2, 'torch.float32', 'torch.float32', 'torch.int32', 'torch.int32', 'torch.int32', 'torch.float32'),
finished after 2.54s,
best config selected: NUM_POINTS_TO_LOAD: 128, NUM_MONOMIALS_TO_LOAD: 8, num_warps: 2, num_ctas: 1, num_stages: 2, maxnreg: None;
/vast/home/logan_bolton/Github/hippynn-optimizations-expanded/hippynn/networks/hiphop.py:12: UserWarning: HIP-HOP-NN is still in a beta state: Details, defaults, and API are still subject to change.
  warnings.warn("HIP-HOP-NN is still in a beta state: " "Details, defaults, and API are still subject to change.")
Configuration: {'tensor_model': 'HOP', 'tensor_order': 2, 'tensor_factors': 2} parameters: 686998
Autotuning kernel evaluate_polynomials_kernel with config NUM_POINTS_TO_LOAD: 16, NUM_MONOMIALS_TO_LOAD: 8, num_warps: 2, num_ctas: 1, num_stages: 1, maxnreg: None
Autotuning kernel evaluate_polynomials_kernel with config NUM_POINTS_TO_LOAD: 128, NUM_MONOMIALS_TO_LOAD: 8, num_warps: 2, num_ctas: 1, num_stages: 2, maxnreg: None
Autotuning kernel evaluate_polynomials_kernel with config NUM_POINTS_TO_LOAD: 32, NUM_MONOMIALS_TO_LOAD: 8, num_warps: 4, num_ctas: 1, num_stages: 1, maxnreg: None
Autotuning kernel evaluate_polynomials_kernel with config NUM_POINTS_TO_LOAD: 32, NUM_MONOMIALS_TO_LOAD: 16, num_warps: 4, num_ctas: 1, num_stages: 1, maxnreg: None
Autotuning kernel evaluate_polynomials_kernel with config NUM_POINTS_TO_LOAD: 32, NUM_MONOMIALS_TO_LOAD: 16, num_warps: 4, num_ctas: 1, num_stages: 2, maxnreg: None
Autotuning kernel evaluate_polynomials_kernel with config NUM_POINTS_TO_LOAD: 64, NUM_MONOMIALS_TO_LOAD: 16, num_warps: 8, num_ctas: 1, num_stages: 1, maxnreg: None
Autotuning kernel evaluate_polynomials_kernel with config NUM_POINTS_TO_LOAD: 64, NUM_MONOMIALS_TO_LOAD: 32, num_warps: 8, num_ctas: 1, num_stages: 1, maxnreg: None
Triton autotuning for function evaluate_polynomials_kernel,
with key as (4194304, 10, 3, 'torch.float32', 'torch.float32', 'torch.int32', 'torch.int32', 'torch.int32', 'torch.float32'),
finished after 2.75s,
best config selected: NUM_POINTS_TO_LOAD: 128, NUM_MONOMIALS_TO_LOAD: 8, num_warps: 2, num_ctas: 1, num_stages: 2, maxnreg: None;
Autotuning kernel evaluate_polynomials_kernel with config NUM_POINTS_TO_LOAD: 16, NUM_MONOMIALS_TO_LOAD: 8, num_warps: 2, num_ctas: 1, num_stages: 1, maxnreg: None
Autotuning kernel evaluate_polynomials_kernel with config NUM_POINTS_TO_LOAD: 128, NUM_MONOMIALS_TO_LOAD: 8, num_warps: 2, num_ctas: 1, num_stages: 2, maxnreg: None
Autotuning kernel evaluate_polynomials_kernel with config NUM_POINTS_TO_LOAD: 32, NUM_MONOMIALS_TO_LOAD: 8, num_warps: 4, num_ctas: 1, num_stages: 1, maxnreg: None
Autotuning kernel evaluate_polynomials_kernel with config NUM_POINTS_TO_LOAD: 32, NUM_MONOMIALS_TO_LOAD: 16, num_warps: 4, num_ctas: 1, num_stages: 1, maxnreg: None
Autotuning kernel evaluate_polynomials_kernel with config NUM_POINTS_TO_LOAD: 32, NUM_MONOMIALS_TO_LOAD: 16, num_warps: 4, num_ctas: 1, num_stages: 2, maxnreg: None
Autotuning kernel evaluate_polynomials_kernel with config NUM_POINTS_TO_LOAD: 64, NUM_MONOMIALS_TO_LOAD: 16, num_warps: 8, num_ctas: 1, num_stages: 1, maxnreg: None
Autotuning kernel evaluate_polynomials_kernel with config NUM_POINTS_TO_LOAD: 64, NUM_MONOMIALS_TO_LOAD: 32, num_warps: 8, num_ctas: 1, num_stages: 1, maxnreg: None
Triton autotuning for function evaluate_polynomials_kernel,
with key as (1048576, 10, 3, 'torch.float32', 'torch.float32', 'torch.int32', 'torch.int32', 'torch.int32', 'torch.float32'),
finished after 2.70s,
best config selected: NUM_POINTS_TO_LOAD: 128, NUM_MONOMIALS_TO_LOAD: 8, num_warps: 2, num_ctas: 1, num_stages: 2, maxnreg: None;
Autotuning kernel evaluate_polynomials_kernel with config NUM_POINTS_TO_LOAD: 16, NUM_MONOMIALS_TO_LOAD: 8, num_warps: 2, num_ctas: 1, num_stages: 1, maxnreg: None
Autotuning kernel evaluate_polynomials_kernel with config NUM_POINTS_TO_LOAD: 128, NUM_MONOMIALS_TO_LOAD: 8, num_warps: 2, num_ctas: 1, num_stages: 2, maxnreg: None
Autotuning kernel evaluate_polynomials_kernel with config NUM_POINTS_TO_LOAD: 32, NUM_MONOMIALS_TO_LOAD: 8, num_warps: 4, num_ctas: 1, num_stages: 1, maxnreg: None
Autotuning kernel evaluate_polynomials_kernel with config NUM_POINTS_TO_LOAD: 32, NUM_MONOMIALS_TO_LOAD: 16, num_warps: 4, num_ctas: 1, num_stages: 1, maxnreg: None
Autotuning kernel evaluate_polynomials_kernel with config NUM_POINTS_TO_LOAD: 32, NUM_MONOMIALS_TO_LOAD: 16, num_warps: 4, num_ctas: 1, num_stages: 2, maxnreg: None
Autotuning kernel evaluate_polynomials_kernel with config NUM_POINTS_TO_LOAD: 64, NUM_MONOMIALS_TO_LOAD: 16, num_warps: 8, num_ctas: 1, num_stages: 1, maxnreg: None
Autotuning kernel evaluate_polynomials_kernel with config NUM_POINTS_TO_LOAD: 64, NUM_MONOMIALS_TO_LOAD: 32, num_warps: 8, num_ctas: 1, num_stages: 1, maxnreg: None
Triton autotuning for function evaluate_polynomials_kernel,
with key as (2097152, 10, 3, 'torch.float32', 'torch.float32', 'torch.int32', 'torch.int32', 'torch.int32', 'torch.float32'),
finished after 2.63s,
best config selected: NUM_POINTS_TO_LOAD: 128, NUM_MONOMIALS_TO_LOAD: 8, num_warps: 2, num_ctas: 1, num_stages: 2, maxnreg: None;
Configuration: {'tensor_model': 'HOP', 'tensor_order': 2, 'tensor_factors': 3} parameters: 753558
Autotuning kernel evaluate_polynomials_kernel with config NUM_POINTS_TO_LOAD: 16, NUM_MONOMIALS_TO_LOAD: 8, num_warps: 2, num_ctas: 1, num_stages: 1, maxnreg: None
Autotuning kernel evaluate_polynomials_kernel with config NUM_POINTS_TO_LOAD: 128, NUM_MONOMIALS_TO_LOAD: 8, num_warps: 2, num_ctas: 1, num_stages: 2, maxnreg: None
Autotuning kernel evaluate_polynomials_kernel with config NUM_POINTS_TO_LOAD: 32, NUM_MONOMIALS_TO_LOAD: 8, num_warps: 4, num_ctas: 1, num_stages: 1, maxnreg: None
Autotuning kernel evaluate_polynomials_kernel with config NUM_POINTS_TO_LOAD: 32, NUM_MONOMIALS_TO_LOAD: 16, num_warps: 4, num_ctas: 1, num_stages: 1, maxnreg: None
Autotuning kernel evaluate_polynomials_kernel with config NUM_POINTS_TO_LOAD: 32, NUM_MONOMIALS_TO_LOAD: 16, num_warps: 4, num_ctas: 1, num_stages: 2, maxnreg: None
Autotuning kernel evaluate_polynomials_kernel with config NUM_POINTS_TO_LOAD: 64, NUM_MONOMIALS_TO_LOAD: 16, num_warps: 8, num_ctas: 1, num_stages: 1, maxnreg: None
Autotuning kernel evaluate_polynomials_kernel with config NUM_POINTS_TO_LOAD: 64, NUM_MONOMIALS_TO_LOAD: 32, num_warps: 8, num_ctas: 1, num_stages: 1, maxnreg: None
Triton autotuning for function evaluate_polynomials_kernel,
with key as (4194304, 24, 5, 'torch.float32', 'torch.float32', 'torch.int32', 'torch.int32', 'torch.int32', 'torch.float32'),
finished after 2.99s,
best config selected: NUM_POINTS_TO_LOAD: 128, NUM_MONOMIALS_TO_LOAD: 8, num_warps: 2, num_ctas: 1, num_stages: 2, maxnreg: None;
Autotuning kernel evaluate_polynomials_kernel with config NUM_POINTS_TO_LOAD: 16, NUM_MONOMIALS_TO_LOAD: 8, num_warps: 2, num_ctas: 1, num_stages: 1, maxnreg: None
Autotuning kernel evaluate_polynomials_kernel with config NUM_POINTS_TO_LOAD: 128, NUM_MONOMIALS_TO_LOAD: 8, num_warps: 2, num_ctas: 1, num_stages: 2, maxnreg: None
Autotuning kernel evaluate_polynomials_kernel with config NUM_POINTS_TO_LOAD: 32, NUM_MONOMIALS_TO_LOAD: 8, num_warps: 4, num_ctas: 1, num_stages: 1, maxnreg: None
Autotuning kernel evaluate_polynomials_kernel with config NUM_POINTS_TO_LOAD: 32, NUM_MONOMIALS_TO_LOAD: 16, num_warps: 4, num_ctas: 1, num_stages: 1, maxnreg: None
Autotuning kernel evaluate_polynomials_kernel with config NUM_POINTS_TO_LOAD: 32, NUM_MONOMIALS_TO_LOAD: 16, num_warps: 4, num_ctas: 1, num_stages: 2, maxnreg: None
Autotuning kernel evaluate_polynomials_kernel with config NUM_POINTS_TO_LOAD: 64, NUM_MONOMIALS_TO_LOAD: 16, num_warps: 8, num_ctas: 1, num_stages: 1, maxnreg: None
Autotuning kernel evaluate_polynomials_kernel with config NUM_POINTS_TO_LOAD: 64, NUM_MONOMIALS_TO_LOAD: 32, num_warps: 8, num_ctas: 1, num_stages: 1, maxnreg: None
Triton autotuning for function evaluate_polynomials_kernel,
with key as (1048576, 24, 5, 'torch.float32', 'torch.float32', 'torch.int32', 'torch.int32', 'torch.int32', 'torch.float32'),
finished after 2.93s,
best config selected: NUM_POINTS_TO_LOAD: 128, NUM_MONOMIALS_TO_LOAD: 8, num_warps: 2, num_ctas: 1, num_stages: 2, maxnreg: None;
Autotuning kernel evaluate_polynomials_kernel with config NUM_POINTS_TO_LOAD: 16, NUM_MONOMIALS_TO_LOAD: 8, num_warps: 2, num_ctas: 1, num_stages: 1, maxnreg: None
Autotuning kernel evaluate_polynomials_kernel with config NUM_POINTS_TO_LOAD: 128, NUM_MONOMIALS_TO_LOAD: 8, num_warps: 2, num_ctas: 1, num_stages: 2, maxnreg: None
Autotuning kernel evaluate_polynomials_kernel with config NUM_POINTS_TO_LOAD: 32, NUM_MONOMIALS_TO_LOAD: 8, num_warps: 4, num_ctas: 1, num_stages: 1, maxnreg: None
Autotuning kernel evaluate_polynomials_kernel with config NUM_POINTS_TO_LOAD: 32, NUM_MONOMIALS_TO_LOAD: 16, num_warps: 4, num_ctas: 1, num_stages: 1, maxnreg: None
Autotuning kernel evaluate_polynomials_kernel with config NUM_POINTS_TO_LOAD: 32, NUM_MONOMIALS_TO_LOAD: 16, num_warps: 4, num_ctas: 1, num_stages: 2, maxnreg: None
Autotuning kernel evaluate_polynomials_kernel with config NUM_POINTS_TO_LOAD: 64, NUM_MONOMIALS_TO_LOAD: 16, num_warps: 8, num_ctas: 1, num_stages: 1, maxnreg: None
Autotuning kernel evaluate_polynomials_kernel with config NUM_POINTS_TO_LOAD: 64, NUM_MONOMIALS_TO_LOAD: 32, num_warps: 8, num_ctas: 1, num_stages: 1, maxnreg: None
Triton autotuning for function evaluate_polynomials_kernel,
with key as (2097152, 24, 5, 'torch.float32', 'torch.float32', 'torch.int32', 'torch.int32', 'torch.int32', 'torch.float32'),
finished after 2.94s,
best config selected: NUM_POINTS_TO_LOAD: 128, NUM_MONOMIALS_TO_LOAD: 8, num_warps: 2, num_ctas: 1, num_stages: 2, maxnreg: None;
Configuration: {'tensor_model': 'HOP', 'tensor_order': 2, 'tensor_factors': 4} parameters: 786838
Autotuning kernel evaluate_polynomials_kernel with config NUM_POINTS_TO_LOAD: 16, NUM_MONOMIALS_TO_LOAD: 8, num_warps: 2, num_ctas: 1, num_stages: 1, maxnreg: None
Autotuning kernel evaluate_polynomials_kernel with config NUM_POINTS_TO_LOAD: 128, NUM_MONOMIALS_TO_LOAD: 8, num_warps: 2, num_ctas: 1, num_stages: 2, maxnreg: None
Autotuning kernel evaluate_polynomials_kernel with config NUM_POINTS_TO_LOAD: 32, NUM_MONOMIALS_TO_LOAD: 8, num_warps: 4, num_ctas: 1, num_stages: 1, maxnreg: None
Autotuning kernel evaluate_polynomials_kernel with config NUM_POINTS_TO_LOAD: 32, NUM_MONOMIALS_TO_LOAD: 16, num_warps: 4, num_ctas: 1, num_stages: 1, maxnreg: None
Autotuning kernel evaluate_polynomials_kernel with config NUM_POINTS_TO_LOAD: 32, NUM_MONOMIALS_TO_LOAD: 16, num_warps: 4, num_ctas: 1, num_stages: 2, maxnreg: None
Autotuning kernel evaluate_polynomials_kernel with config NUM_POINTS_TO_LOAD: 64, NUM_MONOMIALS_TO_LOAD: 16, num_warps: 8, num_ctas: 1, num_stages: 1, maxnreg: None
Autotuning kernel evaluate_polynomials_kernel with config NUM_POINTS_TO_LOAD: 64, NUM_MONOMIALS_TO_LOAD: 32, num_warps: 8, num_ctas: 1, num_stages: 1, maxnreg: None
Triton autotuning for function evaluate_polynomials_kernel,
with key as (4194304, 42, 6, 'torch.float32', 'torch.float32', 'torch.int32', 'torch.int32', 'torch.int32', 'torch.float32'),
finished after 3.17s,
best config selected: NUM_POINTS_TO_LOAD: 128, NUM_MONOMIALS_TO_LOAD: 8, num_warps: 2, num_ctas: 1, num_stages: 2, maxnreg: None;
Autotuning kernel evaluate_polynomials_kernel with config NUM_POINTS_TO_LOAD: 16, NUM_MONOMIALS_TO_LOAD: 8, num_warps: 2, num_ctas: 1, num_stages: 1, maxnreg: None
Autotuning kernel evaluate_polynomials_kernel with config NUM_POINTS_TO_LOAD: 128, NUM_MONOMIALS_TO_LOAD: 8, num_warps: 2, num_ctas: 1, num_stages: 2, maxnreg: None
Autotuning kernel evaluate_polynomials_kernel with config NUM_POINTS_TO_LOAD: 32, NUM_MONOMIALS_TO_LOAD: 8, num_warps: 4, num_ctas: 1, num_stages: 1, maxnreg: None
Autotuning kernel evaluate_polynomials_kernel with config NUM_POINTS_TO_LOAD: 32, NUM_MONOMIALS_TO_LOAD: 16, num_warps: 4, num_ctas: 1, num_stages: 1, maxnreg: None
Autotuning kernel evaluate_polynomials_kernel with config NUM_POINTS_TO_LOAD: 32, NUM_MONOMIALS_TO_LOAD: 16, num_warps: 4, num_ctas: 1, num_stages: 2, maxnreg: None
Autotuning kernel evaluate_polynomials_kernel with config NUM_POINTS_TO_LOAD: 64, NUM_MONOMIALS_TO_LOAD: 16, num_warps: 8, num_ctas: 1, num_stages: 1, maxnreg: None
Autotuning kernel evaluate_polynomials_kernel with config NUM_POINTS_TO_LOAD: 64, NUM_MONOMIALS_TO_LOAD: 32, num_warps: 8, num_ctas: 1, num_stages: 1, maxnreg: None
Triton autotuning for function evaluate_polynomials_kernel,
with key as (1048576, 42, 6, 'torch.float32', 'torch.float32', 'torch.int32', 'torch.int32', 'torch.int32', 'torch.float32'),
finished after 3.23s,
best config selected: NUM_POINTS_TO_LOAD: 128, NUM_MONOMIALS_TO_LOAD: 8, num_warps: 2, num_ctas: 1, num_stages: 2, maxnreg: None;
Autotuning kernel evaluate_polynomials_kernel with config NUM_POINTS_TO_LOAD: 16, NUM_MONOMIALS_TO_LOAD: 8, num_warps: 2, num_ctas: 1, num_stages: 1, maxnreg: None
Autotuning kernel evaluate_polynomials_kernel with config NUM_POINTS_TO_LOAD: 128, NUM_MONOMIALS_TO_LOAD: 8, num_warps: 2, num_ctas: 1, num_stages: 2, maxnreg: None
Autotuning kernel evaluate_polynomials_kernel with config NUM_POINTS_TO_LOAD: 32, NUM_MONOMIALS_TO_LOAD: 8, num_warps: 4, num_ctas: 1, num_stages: 1, maxnreg: None
Autotuning kernel evaluate_polynomials_kernel with config NUM_POINTS_TO_LOAD: 32, NUM_MONOMIALS_TO_LOAD: 16, num_warps: 4, num_ctas: 1, num_stages: 1, maxnreg: None
Autotuning kernel evaluate_polynomials_kernel with config NUM_POINTS_TO_LOAD: 32, NUM_MONOMIALS_TO_LOAD: 16, num_warps: 4, num_ctas: 1, num_stages: 2, maxnreg: None
Autotuning kernel evaluate_polynomials_kernel with config NUM_POINTS_TO_LOAD: 64, NUM_MONOMIALS_TO_LOAD: 16, num_warps: 8, num_ctas: 1, num_stages: 1, maxnreg: None
Autotuning kernel evaluate_polynomials_kernel with config NUM_POINTS_TO_LOAD: 64, NUM_MONOMIALS_TO_LOAD: 32, num_warps: 8, num_ctas: 1, num_stages: 1, maxnreg: None
Triton autotuning for function evaluate_polynomials_kernel,
with key as (2097152, 42, 6, 'torch.float32', 'torch.float32', 'torch.int32', 'torch.int32', 'torch.int32', 'torch.float32'),
finished after 3.07s,
best config selected: NUM_POINTS_TO_LOAD: 128, NUM_MONOMIALS_TO_LOAD: 8, num_warps: 2, num_ctas: 1, num_stages: 2, maxnreg: None;
Configuration: {'tensor_model': 'HOP', 'tensor_order': 3, 'tensor_factors': 2} parameters: 720467
Autotuning kernel evaluate_polynomials_kernel with config NUM_POINTS_TO_LOAD: 16, NUM_MONOMIALS_TO_LOAD: 8, num_warps: 2, num_ctas: 1, num_stages: 1, maxnreg: None
Autotuning kernel evaluate_polynomials_kernel with config NUM_POINTS_TO_LOAD: 128, NUM_MONOMIALS_TO_LOAD: 8, num_warps: 2, num_ctas: 1, num_stages: 2, maxnreg: None
Autotuning kernel evaluate_polynomials_kernel with config NUM_POINTS_TO_LOAD: 32, NUM_MONOMIALS_TO_LOAD: 8, num_warps: 4, num_ctas: 1, num_stages: 1, maxnreg: None
Autotuning kernel evaluate_polynomials_kernel with config NUM_POINTS_TO_LOAD: 32, NUM_MONOMIALS_TO_LOAD: 16, num_warps: 4, num_ctas: 1, num_stages: 1, maxnreg: None
Autotuning kernel evaluate_polynomials_kernel with config NUM_POINTS_TO_LOAD: 32, NUM_MONOMIALS_TO_LOAD: 16, num_warps: 4, num_ctas: 1, num_stages: 2, maxnreg: None
Autotuning kernel evaluate_polynomials_kernel with config NUM_POINTS_TO_LOAD: 64, NUM_MONOMIALS_TO_LOAD: 16, num_warps: 8, num_ctas: 1, num_stages: 1, maxnreg: None
Autotuning kernel evaluate_polynomials_kernel with config NUM_POINTS_TO_LOAD: 64, NUM_MONOMIALS_TO_LOAD: 32, num_warps: 8, num_ctas: 1, num_stages: 1, maxnreg: None
Triton autotuning for function evaluate_polynomials_kernel,
with key as (4194304, 20, 4, 'torch.float32', 'torch.float32', 'torch.int32', 'torch.int32', 'torch.int32', 'torch.float32'),
finished after 2.78s,
best config selected: NUM_POINTS_TO_LOAD: 128, NUM_MONOMIALS_TO_LOAD: 8, num_warps: 2, num_ctas: 1, num_stages: 2, maxnreg: None;
Autotuning kernel evaluate_polynomials_kernel with config NUM_POINTS_TO_LOAD: 16, NUM_MONOMIALS_TO_LOAD: 8, num_warps: 2, num_ctas: 1, num_stages: 1, maxnreg: None
Autotuning kernel evaluate_polynomials_kernel with config NUM_POINTS_TO_LOAD: 128, NUM_MONOMIALS_TO_LOAD: 8, num_warps: 2, num_ctas: 1, num_stages: 2, maxnreg: None
Autotuning kernel evaluate_polynomials_kernel with config NUM_POINTS_TO_LOAD: 32, NUM_MONOMIALS_TO_LOAD: 8, num_warps: 4, num_ctas: 1, num_stages: 1, maxnreg: None
Autotuning kernel evaluate_polynomials_kernel with config NUM_POINTS_TO_LOAD: 32, NUM_MONOMIALS_TO_LOAD: 16, num_warps: 4, num_ctas: 1, num_stages: 1, maxnreg: None
Autotuning kernel evaluate_polynomials_kernel with config NUM_POINTS_TO_LOAD: 32, NUM_MONOMIALS_TO_LOAD: 16, num_warps: 4, num_ctas: 1, num_stages: 2, maxnreg: None
Autotuning kernel evaluate_polynomials_kernel with config NUM_POINTS_TO_LOAD: 64, NUM_MONOMIALS_TO_LOAD: 16, num_warps: 8, num_ctas: 1, num_stages: 1, maxnreg: None
Autotuning kernel evaluate_polynomials_kernel with config NUM_POINTS_TO_LOAD: 64, NUM_MONOMIALS_TO_LOAD: 32, num_warps: 8, num_ctas: 1, num_stages: 1, maxnreg: None
Triton autotuning for function evaluate_polynomials_kernel,
with key as (1048576, 20, 4, 'torch.float32', 'torch.float32', 'torch.int32', 'torch.int32', 'torch.int32', 'torch.float32'),
finished after 2.78s,
best config selected: NUM_POINTS_TO_LOAD: 128, NUM_MONOMIALS_TO_LOAD: 8, num_warps: 2, num_ctas: 1, num_stages: 2, maxnreg: None;
Autotuning kernel evaluate_polynomials_kernel with config NUM_POINTS_TO_LOAD: 16, NUM_MONOMIALS_TO_LOAD: 8, num_warps: 2, num_ctas: 1, num_stages: 1, maxnreg: None
Autotuning kernel evaluate_polynomials_kernel with config NUM_POINTS_TO_LOAD: 128, NUM_MONOMIALS_TO_LOAD: 8, num_warps: 2, num_ctas: 1, num_stages: 2, maxnreg: None
Autotuning kernel evaluate_polynomials_kernel with config NUM_POINTS_TO_LOAD: 32, NUM_MONOMIALS_TO_LOAD: 8, num_warps: 4, num_ctas: 1, num_stages: 1, maxnreg: None
Autotuning kernel evaluate_polynomials_kernel with config NUM_POINTS_TO_LOAD: 32, NUM_MONOMIALS_TO_LOAD: 16, num_warps: 4, num_ctas: 1, num_stages: 1, maxnreg: None
Autotuning kernel evaluate_polynomials_kernel with config NUM_POINTS_TO_LOAD: 32, NUM_MONOMIALS_TO_LOAD: 16, num_warps: 4, num_ctas: 1, num_stages: 2, maxnreg: None
Autotuning kernel evaluate_polynomials_kernel with config NUM_POINTS_TO_LOAD: 64, NUM_MONOMIALS_TO_LOAD: 16, num_warps: 8, num_ctas: 1, num_stages: 1, maxnreg: None
Autotuning kernel evaluate_polynomials_kernel with config NUM_POINTS_TO_LOAD: 64, NUM_MONOMIALS_TO_LOAD: 32, num_warps: 8, num_ctas: 1, num_stages: 1, maxnreg: None
Triton autotuning for function evaluate_polynomials_kernel,
with key as (2097152, 20, 4, 'torch.float32', 'torch.float32', 'torch.int32', 'torch.int32', 'torch.int32', 'torch.float32'),
finished after 2.66s,
best config selected: NUM_POINTS_TO_LOAD: 128, NUM_MONOMIALS_TO_LOAD: 8, num_warps: 2, num_ctas: 1, num_stages: 2, maxnreg: None;
Configuration: {'tensor_model': 'HOP', 'tensor_order': 3, 'tensor_factors': 3} parameters: 820307
Autotuning kernel evaluate_polynomials_kernel with config NUM_POINTS_TO_LOAD: 16, NUM_MONOMIALS_TO_LOAD: 8, num_warps: 2, num_ctas: 1, num_stages: 1, maxnreg: None
Autotuning kernel evaluate_polynomials_kernel with config NUM_POINTS_TO_LOAD: 128, NUM_MONOMIALS_TO_LOAD: 8, num_warps: 2, num_ctas: 1, num_stages: 2, maxnreg: None
Autotuning kernel evaluate_polynomials_kernel with config NUM_POINTS_TO_LOAD: 32, NUM_MONOMIALS_TO_LOAD: 8, num_warps: 4, num_ctas: 1, num_stages: 1, maxnreg: None
Autotuning kernel evaluate_polynomials_kernel with config NUM_POINTS_TO_LOAD: 32, NUM_MONOMIALS_TO_LOAD: 16, num_warps: 4, num_ctas: 1, num_stages: 1, maxnreg: None
Autotuning kernel evaluate_polynomials_kernel with config NUM_POINTS_TO_LOAD: 32, NUM_MONOMIALS_TO_LOAD: 16, num_warps: 4, num_ctas: 1, num_stages: 2, maxnreg: None
Autotuning kernel evaluate_polynomials_kernel with config NUM_POINTS_TO_LOAD: 64, NUM_MONOMIALS_TO_LOAD: 16, num_warps: 8, num_ctas: 1, num_stages: 1, maxnreg: None
Autotuning kernel evaluate_polynomials_kernel with config NUM_POINTS_TO_LOAD: 64, NUM_MONOMIALS_TO_LOAD: 32, num_warps: 8, num_ctas: 1, num_stages: 1, maxnreg: None
Triton autotuning for function evaluate_polynomials_kernel,
with key as (4194304, 58, 7, 'torch.float32', 'torch.float32', 'torch.int32', 'torch.int32', 'torch.int32', 'torch.float32'),
finished after 3.13s,
best config selected: NUM_POINTS_TO_LOAD: 128, NUM_MONOMIALS_TO_LOAD: 8, num_warps: 2, num_ctas: 1, num_stages: 2, maxnreg: None;
Autotuning kernel evaluate_polynomials_kernel with config NUM_POINTS_TO_LOAD: 16, NUM_MONOMIALS_TO_LOAD: 8, num_warps: 2, num_ctas: 1, num_stages: 1, maxnreg: None
Autotuning kernel evaluate_polynomials_kernel with config NUM_POINTS_TO_LOAD: 128, NUM_MONOMIALS_TO_LOAD: 8, num_warps: 2, num_ctas: 1, num_stages: 2, maxnreg: None
Autotuning kernel evaluate_polynomials_kernel with config NUM_POINTS_TO_LOAD: 32, NUM_MONOMIALS_TO_LOAD: 8, num_warps: 4, num_ctas: 1, num_stages: 1, maxnreg: None
Autotuning kernel evaluate_polynomials_kernel with config NUM_POINTS_TO_LOAD: 32, NUM_MONOMIALS_TO_LOAD: 16, num_warps: 4, num_ctas: 1, num_stages: 1, maxnreg: None
Autotuning kernel evaluate_polynomials_kernel with config NUM_POINTS_TO_LOAD: 32, NUM_MONOMIALS_TO_LOAD: 16, num_warps: 4, num_ctas: 1, num_stages: 2, maxnreg: None
Autotuning kernel evaluate_polynomials_kernel with config NUM_POINTS_TO_LOAD: 64, NUM_MONOMIALS_TO_LOAD: 16, num_warps: 8, num_ctas: 1, num_stages: 1, maxnreg: None
Autotuning kernel evaluate_polynomials_kernel with config NUM_POINTS_TO_LOAD: 64, NUM_MONOMIALS_TO_LOAD: 32, num_warps: 8, num_ctas: 1, num_stages: 1, maxnreg: None
Triton autotuning for function evaluate_polynomials_kernel,
with key as (1048576, 58, 7, 'torch.float32', 'torch.float32', 'torch.int32', 'torch.int32', 'torch.int32', 'torch.float32'),
finished after 3.04s,
best config selected: NUM_POINTS_TO_LOAD: 128, NUM_MONOMIALS_TO_LOAD: 8, num_warps: 2, num_ctas: 1, num_stages: 2, maxnreg: None;
Autotuning kernel evaluate_polynomials_kernel with config NUM_POINTS_TO_LOAD: 16, NUM_MONOMIALS_TO_LOAD: 8, num_warps: 2, num_ctas: 1, num_stages: 1, maxnreg: None
Autotuning kernel evaluate_polynomials_kernel with config NUM_POINTS_TO_LOAD: 128, NUM_MONOMIALS_TO_LOAD: 8, num_warps: 2, num_ctas: 1, num_stages: 2, maxnreg: None
Autotuning kernel evaluate_polynomials_kernel with config NUM_POINTS_TO_LOAD: 32, NUM_MONOMIALS_TO_LOAD: 8, num_warps: 4, num_ctas: 1, num_stages: 1, maxnreg: None
Autotuning kernel evaluate_polynomials_kernel with config NUM_POINTS_TO_LOAD: 32, NUM_MONOMIALS_TO_LOAD: 16, num_warps: 4, num_ctas: 1, num_stages: 1, maxnreg: None
Autotuning kernel evaluate_polynomials_kernel with config NUM_POINTS_TO_LOAD: 32, NUM_MONOMIALS_TO_LOAD: 16, num_warps: 4, num_ctas: 1, num_stages: 2, maxnreg: None
Autotuning kernel evaluate_polynomials_kernel with config NUM_POINTS_TO_LOAD: 64, NUM_MONOMIALS_TO_LOAD: 16, num_warps: 8, num_ctas: 1, num_stages: 1, maxnreg: None
Autotuning kernel evaluate_polynomials_kernel with config NUM_POINTS_TO_LOAD: 64, NUM_MONOMIALS_TO_LOAD: 32, num_warps: 8, num_ctas: 1, num_stages: 1, maxnreg: None
Triton autotuning for function evaluate_polynomials_kernel,
with key as (2097152, 58, 7, 'torch.float32', 'torch.float32', 'torch.int32', 'torch.int32', 'torch.int32', 'torch.float32'),
finished after 3.08s,
best config selected: NUM_POINTS_TO_LOAD: 128, NUM_MONOMIALS_TO_LOAD: 8, num_warps: 2, num_ctas: 1, num_stages: 2, maxnreg: None;
{'metrics': {(('tensor_factors', 2), ('tensor_model', 'HOP'), ('tensor_order', 1), ('batch_size', 1024)): [0.43973851203918457, 0.44274163246154785, 0.4402432441711426, 0.4410994052886963, 0.4415614604949951], (('tensor_factors', 2), ('tensor_model', 'HOP'), ('tensor_order', 2), ('batch_size', 1024)): [0.7419345378875732, 0.7411704063415527, 0.7415766716003418, 0.7403469085693359, 0.7418782711029053], (('tensor_factors', 3), ('tensor_model', 'HOP'), ('tensor_order', 2), ('batch_size', 1024)): [0.7900533676147461, 0.8083627223968506, 0.7892332077026367, 0.7895681858062744, 0.7952537536621094], (('tensor_factors', 4), ('tensor_model', 'HOP'), ('tensor_order', 2), ('batch_size', 1024)): [0.8236188888549805, 0.8217849731445312, 0.8228766918182373, 0.8241310119628906, 0.8217339515686035], (('tensor_factors', 2), ('tensor_model', 'HOP'), ('tensor_order', 3), ('batch_size', 1024)): [1.0054931640625, 1.0040183067321777, 1.0071794986724854, 1.007040023803711, 1.0072038173675537], (('tensor_factors', 3), ('tensor_model', 'HOP'), ('tensor_order', 3), ('batch_size', 1024)): [1.0958235263824463, 1.0964808464050293, 1.0951719284057617, 1.0964453220367432, 1.0951485633850098]}, 'metrics_jsonable': {"(('tensor_factors', 2), ('tensor_model', 'HOP'), ('tensor_order', 1), ('batch_size', 1024))": [0.43973851203918457, 0.44274163246154785, 0.4402432441711426, 0.4410994052886963, 0.4415614604949951], "(('tensor_factors', 2), ('tensor_model', 'HOP'), ('tensor_order', 2), ('batch_size', 1024))": [0.7419345378875732, 0.7411704063415527, 0.7415766716003418, 0.7403469085693359, 0.7418782711029053], "(('tensor_factors', 3), ('tensor_model', 'HOP'), ('tensor_order', 2), ('batch_size', 1024))": [0.7900533676147461, 0.8083627223968506, 0.7892332077026367, 0.7895681858062744, 0.7952537536621094], "(('tensor_factors', 4), ('tensor_model', 'HOP'), ('tensor_order', 2), ('batch_size', 1024))": [0.8236188888549805, 0.8217849731445312, 0.8228766918182373, 0.8241310119628906, 0.8217339515686035], "(('tensor_factors', 2), ('tensor_model', 'HOP'), ('tensor_order', 3), ('batch_size', 1024))": [1.0054931640625, 1.0040183067321777, 1.0071794986724854, 1.007040023803711, 1.0072038173675537], "(('tensor_factors', 3), ('tensor_model', 'HOP'), ('tensor_order', 3), ('batch_size', 1024))": [1.0958235263824463, 1.0964808464050293, 1.0951719284057617, 1.0964453220367432, 1.0951485633850098]}, 'parameter_counts': {"(('tensor_factors', 2), ('tensor_model', 'HOP'), ('tensor_order', 1))": 653673, "(('tensor_factors', 2), ('tensor_model', 'HOP'), ('tensor_order', 2))": 686998, "(('tensor_factors', 3), ('tensor_model', 'HOP'), ('tensor_order', 2))": 753558, "(('tensor_factors', 4), ('tensor_model', 'HOP'), ('tensor_order', 2))": 786838, "(('tensor_factors', 2), ('tensor_model', 'HOP'), ('tensor_order', 3))": 720467, "(('tensor_factors', 3), ('tensor_model', 'HOP'), ('tensor_order', 3))": 820307}, 'device_name': 'NVIDIA A100-PCIE-40GB', 'n_configs': 48957, 'n_atoms': 676395, 'batch_sizes': [1024], 'reps': 5, 'warmups': 2, 'seed': 0, 'split_seed': 0, 'include_forces': False, 'network_parameters': {'possible_species': [0, 1, 6, 7, 8], 'n_features': 128, 'n_sensitivities': 20, 'dist_soft_min': 0.75, 'dist_soft_max': 5.5, 'dist_hard_max': 6.5, 'n_interaction_layers': 2, 'n_atom_layers': 3}, 'kernel_info': {'kernel_mode': 'triton', 'custom_kernels': 'triton', 'triton_version': '3.7.1', 'triton_file': '/vast/home/logan_bolton/.conda/envs/hippynn-expanded-lmax/lib/python3.12/site-packages/triton/__init__.py', 'use_polynomial_invariants': True, 'use_tensor_message_passing': True}}
Wrote /vast/home/logan_bolton/Github/hippynn-optimizations-expanded/examples/methane_sweep/time_benchmark/results/poly_2d_real_data/triton_energy_b1024_autotune_rest.pt
Wrote /vast/home/logan_bolton/Github/hippynn-optimizations-expanded/examples/methane_sweep/time_benchmark/results/poly_2d_real_data/triton_energy_b1024_autotune_rest.json
