all configs [{'tensor_model': 'HOP', 'tensor_order': 4, 'tensor_factors': 7}]
Loading arrays from /vast/home/logan_bolton/Github/hippynn-optimizations-expanded/datasets/ani1x-release.h5
Arrays found:  ['atomic_numbers', 'ccsd(t)_cbs.energy', 'coordinates', 'wb97x_dz.energy', 'wb97x_dz.forces', 'sys_number']
Data types:
{'atomic_numbers': dtype('uint8'), 'ccsd(t)_cbs.energy': dtype('float64'), 'coordinates': dtype('float32'), 'wb97x_dz.energy': dtype('float64'), 'wb97x_dz.forces': dtype('float32')}
All arrays:
--------------------------------------------------------------------------------------
| Name                           | dtype              | shape                        |
--------------------------------------------------------------------------------------
| atomic_numbers                 | dtype('uint8')     | (4956005, 63)                |
| ccsd(t)_cbs.energy             | dtype('float64')   | (4956005,)                   |
| coordinates                    | dtype('float32')   | (4956005, 63, 3)             |
| wb97x_dz.energy                | dtype('float64')   | (4956005,)                   |
| wb97x_dz.forces                | dtype('float32')   | (4956005, 63, 3)             |
--------------------------------------------------------------------------------------
Finished checking input and target arrays; all necessary arrays were found.
Database: Using auto-generated data indices
Adding split indices for split: test
Arrays for split: test
--------------------------------------------------------------------------------------
| Name                           | dtype              | shape                        |
--------------------------------------------------------------------------------------
| atomic_numbers                 | dtype('int64')     | (48957, 63)                  |
| ccsd(t)_cbs.energy             | dtype('float64')   | (48957,)                     |
| coordinates                    | dtype('float32')   | (48957, 63, 3)               |
| wb97x_dz.energy                | dtype('float32')   | (48957,)                     |
| wb97x_dz.forces                | dtype('float32')   | (48957, 63, 3)               |
| indices                        | dtype('int64')     | (48957,)                     |
| split_indices                  | dtype('int64')     | (48957,)                     |
--------------------------------------------------------------------------------------
Adding split indices for split: valid
Arrays for split: valid
--------------------------------------------------------------------------------------
| Name                           | dtype              | shape                        |
--------------------------------------------------------------------------------------
| atomic_numbers                 | dtype('int64')     | (48957, 63)                  |
| ccsd(t)_cbs.energy             | dtype('float64')   | (48957,)                     |
| coordinates                    | dtype('float32')   | (48957, 63, 3)               |
| wb97x_dz.energy                | dtype('float32')   | (48957,)                     |
| wb97x_dz.forces                | dtype('float32')   | (48957, 63, 3)               |
| indices                        | dtype('int64')     | (48957,)                     |
| split_indices                  | dtype('int64')     | (48957,)                     |
--------------------------------------------------------------------------------------
Adding split indices for split: train
Arrays for split: train
--------------------------------------------------------------------------------------
| Name                           | dtype              | shape                        |
--------------------------------------------------------------------------------------
| atomic_numbers                 | dtype('int64')     | (391657, 63)                 |
| ccsd(t)_cbs.energy             | dtype('float64')   | (391657,)                    |
| coordinates                    | dtype('float32')   | (391657, 63, 3)              |
| wb97x_dz.energy                | dtype('float32')   | (391657,)                    |
| wb97x_dz.forces                | dtype('float32')   | (391657, 63, 3)              |
| indices                        | dtype('int64')     | (391657,)                    |
| split_indices                  | dtype('int64')     | (391657,)                    |
--------------------------------------------------------------------------------------
Database: Splitting complete.
/vast/home/logan_bolton/Github/hippynn-optimizations-expanded/hippynn/databases/database.py:181: UserWarning: Pin memory was set, but target device requested is not CPU. Setting pin_memory=False.
  warnings.warn("Pin memory was set, but target device requested is not CPU. Setting pin_memory=False.")
/vast/home/logan_bolton/Github/hippynn-optimizations-expanded/hippynn/networks/hiphop.py:12: UserWarning: HIP-HOP-NN is still in a beta state: Details, defaults, and API are still subject to change.
  warnings.warn("HIP-HOP-NN is still in a beta state: " "Details, defaults, and API are still subject to change.")
Configuration: {'tensor_model': 'HOP', 'tensor_order': 4, 'tensor_factors': 7}
{'metrics': {(('tensor_factors', 7), ('tensor_model', 'HOP'), ('tensor_order', 4), ('batch_size', 1024)): [16.597687244415283, 16.59633207321167, 16.602129697799683, 16.59462285041809, 16.59920644760132]}, 'device_name': 'NVIDIA A100-SXM4-40GB', 'n_configs': 48957}
