/vast/home/logan_bolton/Github/hippynn-optimizations-expanded/hippynn/layers/hiplayers/tensors.py:56: UserWarning: Sparse invariant checks are implicitly disabled. Memory errors (e.g. SEGFAULT) will occur when operating on a sparse tensor which violates the invariants, but checks incur performance overhead. To silence this warning, explicitly opt in or out. See `torch.sparse.check_sparse_tensor_invariants.__doc__` for guidance.  (Triggered internally at /pytorch/aten/src/ATen/Context.cpp:760.)
  xform = torch.sparse_coo_tensor(ind_comb, torch.ones(len(out_order)), dtype=torch.int64).to_dense()
all configs [{'tensor_model': 'HOP', 'tensor_order': 3, 'tensor_factors': 4}, {'tensor_model': 'HOP', 'tensor_order': 3, 'tensor_factors': 3}, {'tensor_model': 'HOP', 'tensor_order': 3, 'tensor_factors': 2}, {'tensor_model': 'HOP', 'tensor_order': 2, 'tensor_factors': 4}, {'tensor_model': 'HOP', 'tensor_order': 2, 'tensor_factors': 3}, {'tensor_model': 'HOP', 'tensor_order': 2, 'tensor_factors': 2}, {'tensor_model': 'HOP', 'tensor_order': 1, 'tensor_factors': 2}, {'tensor_model': 'TS', 'tensor_order': 1, 'tensor_factors': 0}, {'tensor_model': 'TS', 'tensor_order': 2, 'tensor_factors': 0}, {'tensor_model': 'NONE', 'tensor_order': 0, 'tensor_factors': 0}]
Loading arrays from /vast/home/logan_bolton/Github/hippynn-optimizations-expanded/datasets/ani1x-release.h5
Arrays found:  ['atomic_numbers', 'ccsd(t)_cbs.energy', 'coordinates', 'wb97x_dz.energy', 'wb97x_dz.forces', 'sys_number']
Data types:
{'atomic_numbers': dtype('uint8'), 'ccsd(t)_cbs.energy': dtype('float64'), 'coordinates': dtype('float32'), 'wb97x_dz.energy': dtype('float64'), 'wb97x_dz.forces': dtype('float32')}
All arrays:
--------------------------------------------------------------------------------------
| Name                           | dtype              | shape                        |
--------------------------------------------------------------------------------------
| atomic_numbers                 | dtype('uint8')     | (4956005, 63)                |
| ccsd(t)_cbs.energy             | dtype('float64')   | (4956005,)                   |
| coordinates                    | dtype('float32')   | (4956005, 63, 3)             |
| wb97x_dz.energy                | dtype('float64')   | (4956005,)                   |
| wb97x_dz.forces                | dtype('float32')   | (4956005, 63, 3)             |
--------------------------------------------------------------------------------------
Finished checking input and target arrays; all necessary arrays were found.
Database: Using auto-generated data indices
Adding split indices for split: test
Arrays for split: test
--------------------------------------------------------------------------------------
| Name                           | dtype              | shape                        |
--------------------------------------------------------------------------------------
| atomic_numbers                 | dtype('int64')     | (48957, 63)                  |
| ccsd(t)_cbs.energy             | dtype('float64')   | (48957,)                     |
| coordinates                    | dtype('float32')   | (48957, 63, 3)               |
| wb97x_dz.energy                | dtype('float32')   | (48957,)                     |
| wb97x_dz.forces                | dtype('float32')   | (48957, 63, 3)               |
| indices                        | dtype('int64')     | (48957,)                     |
| split_indices                  | dtype('int64')     | (48957,)                     |
--------------------------------------------------------------------------------------
Adding split indices for split: valid
Arrays for split: valid
--------------------------------------------------------------------------------------
| Name                           | dtype              | shape                        |
--------------------------------------------------------------------------------------
| atomic_numbers                 | dtype('int64')     | (48957, 63)                  |
| ccsd(t)_cbs.energy             | dtype('float64')   | (48957,)                     |
| coordinates                    | dtype('float32')   | (48957, 63, 3)               |
| wb97x_dz.energy                | dtype('float32')   | (48957,)                     |
| wb97x_dz.forces                | dtype('float32')   | (48957, 63, 3)               |
| indices                        | dtype('int64')     | (48957,)                     |
| split_indices                  | dtype('int64')     | (48957,)                     |
--------------------------------------------------------------------------------------
Adding split indices for split: train
Arrays for split: train
--------------------------------------------------------------------------------------
| Name                           | dtype              | shape                        |
--------------------------------------------------------------------------------------
| atomic_numbers                 | dtype('int64')     | (391657, 63)                 |
| ccsd(t)_cbs.energy             | dtype('float64')   | (391657,)                    |
| coordinates                    | dtype('float32')   | (391657, 63, 3)              |
| wb97x_dz.energy                | dtype('float32')   | (391657,)                    |
| wb97x_dz.forces                | dtype('float32')   | (391657, 63, 3)              |
| indices                        | dtype('int64')     | (391657,)                    |
| split_indices                  | dtype('int64')     | (391657,)                    |
--------------------------------------------------------------------------------------
Database: Splitting complete.
/vast/home/logan_bolton/Github/hippynn-optimizations-expanded/hippynn/databases/database.py:181: UserWarning: Pin memory was set, but target device requested is not CPU. Setting pin_memory=False.
  warnings.warn("Pin memory was set, but target device requested is not CPU. Setting pin_memory=False.")
/vast/home/logan_bolton/Github/hippynn-optimizations-expanded/hippynn/networks/hiphop.py:12: UserWarning: HIP-HOP-NN is still in a beta state: Details, defaults, and API are still subject to change.
  warnings.warn("HIP-HOP-NN is still in a beta state: " "Details, defaults, and API are still subject to change.")
Configuration: {'tensor_model': 'HOP', 'tensor_order': 3, 'tensor_factors': 4}
/vast/home/logan_bolton/Github/hippynn-optimizations-expanded/hippynn/networks/hiphop.py:12: UserWarning: HIP-HOP-NN is still in a beta state: Details, defaults, and API are still subject to change.
  warnings.warn("HIP-HOP-NN is still in a beta state: " "Details, defaults, and API are still subject to change.")
Configuration: {'tensor_model': 'HOP', 'tensor_order': 3, 'tensor_factors': 3}
Configuration: {'tensor_model': 'HOP', 'tensor_order': 3, 'tensor_factors': 2}
Configuration: {'tensor_model': 'HOP', 'tensor_order': 2, 'tensor_factors': 4}
Configuration: {'tensor_model': 'HOP', 'tensor_order': 2, 'tensor_factors': 3}
Configuration: {'tensor_model': 'HOP', 'tensor_order': 2, 'tensor_factors': 2}
Configuration: {'tensor_model': 'HOP', 'tensor_order': 1, 'tensor_factors': 2}
/vast/home/logan_bolton/Github/hippynn-optimizations-expanded/hippynn/networks/hipnn.py:188: UserWarning: Network initialized with unused kwargs={'l_max': 1, 'n_max': 2, 'group_norm': True}
  warnings.warn(f"Network initialized with unused {kwargs=}")
Configuration: {'tensor_model': 'TS', 'tensor_order': 1, 'tensor_factors': 0}
Configuration: {'tensor_model': 'TS', 'tensor_order': 2, 'tensor_factors': 0}
Configuration: {'tensor_model': 'NONE', 'tensor_order': 0, 'tensor_factors': 0}
{'metrics': {(('tensor_factors', 4), ('tensor_model', 'HOP'), ('tensor_order', 3), ('batch_size', 2048)): [4.800570964813232, 4.804955720901489, 4.805360317230225, 4.8150012493133545, 4.821808338165283], (('tensor_factors', 3), ('tensor_model', 'HOP'), ('tensor_order', 3), ('batch_size', 2048)): [3.4593021869659424, 3.4578237533569336, 3.45828914642334, 3.454343557357788, 3.462310314178467], (('tensor_factors', 2), ('tensor_model', 'HOP'), ('tensor_order', 3), ('batch_size', 2048)): [3.240607261657715, 3.2375686168670654, 3.236445903778076, 3.2392592430114746, 3.239189624786377], (('tensor_factors', 4), ('tensor_model', 'HOP'), ('tensor_order', 2), ('batch_size', 2048)): [2.224107027053833, 2.2258894443511963, 2.227008819580078, 2.2280991077423096, 2.229349136352539], (('tensor_factors', 3), ('tensor_model', 'HOP'), ('tensor_order', 2), ('batch_size', 2048)): [2.1375513076782227, 2.1374878883361816, 2.1386630535125732, 2.135077714920044, 2.139430522918701], (('tensor_factors', 2), ('tensor_model', 'HOP'), ('tensor_order', 2), ('batch_size', 2048)): [2.048720598220825, 2.050063133239746, 2.048987627029419, 2.049700975418091, 2.047079563140869], (('tensor_factors', 2), ('tensor_model', 'HOP'), ('tensor_order', 1), ('batch_size', 2048)): [1.143869161605835, 1.145984411239624, 1.1436221599578857, 1.144073486328125, 1.1457278728485107], (('tensor_factors', 0), ('tensor_model', 'TS'), ('tensor_order', 1), ('batch_size', 2048)): [1.13240647315979, 1.1343600749969482, 1.1328625679016113, 1.1324212551116943, 1.1341052055358887], (('tensor_factors', 0), ('tensor_model', 'TS'), ('tensor_order', 2), ('batch_size', 2048)): [2.109163999557495, 2.1094894409179688, 2.10795259475708, 2.109013080596924, 2.108811378479004], (('tensor_factors', 0), ('tensor_model', 'NONE'), ('tensor_order', 0), ('batch_size', 2048)): [0.38162684440612793, 0.38120579719543457, 0.3808760643005371, 0.38140058517456055, 0.3793666362762451]}, 'device_name': 'NVIDIA A100-PCIE-40GB', 'n_configs': 48957}
