/vast/home/logan_bolton/Github/hippynn-optimizations-expanded/hippynn/layers/hiplayers/tensors.py:56: UserWarning: Sparse invariant checks are implicitly disabled. Memory errors (e.g. SEGFAULT) will occur when operating on a sparse tensor which violates the invariants, but checks incur performance overhead. To silence this warning, explicitly opt in or out. See `torch.sparse.check_sparse_tensor_invariants.__doc__` for guidance.  (Triggered internally at /pytorch/aten/src/ATen/Context.cpp:760.)
  xform = torch.sparse_coo_tensor(ind_comb, torch.ones(len(out_order)), dtype=torch.int64).to_dense()
all configs [{'tensor_model': 'HOP', 'tensor_order': 3, 'tensor_factors': 4}, {'tensor_model': 'HOP', 'tensor_order': 3, 'tensor_factors': 3}, {'tensor_model': 'HOP', 'tensor_order': 3, 'tensor_factors': 2}, {'tensor_model': 'HOP', 'tensor_order': 2, 'tensor_factors': 4}, {'tensor_model': 'HOP', 'tensor_order': 2, 'tensor_factors': 3}, {'tensor_model': 'HOP', 'tensor_order': 2, 'tensor_factors': 2}, {'tensor_model': 'HOP', 'tensor_order': 1, 'tensor_factors': 2}, {'tensor_model': 'NONE', 'tensor_order': 0, 'tensor_factors': 0}]
Loading arrays from /vast/home/logan_bolton/Github/hippynn-optimizations-expanded/datasets/ani1x-release.h5
Arrays found:  ['atomic_numbers', 'ccsd(t)_cbs.energy', 'coordinates', 'wb97x_dz.energy', 'wb97x_dz.forces', 'sys_number']
Data types:
{'atomic_numbers': dtype('uint8'), 'ccsd(t)_cbs.energy': dtype('float64'), 'coordinates': dtype('float32'), 'wb97x_dz.energy': dtype('float64'), 'wb97x_dz.forces': dtype('float32')}
All arrays:
--------------------------------------------------------------------------------------
| Name                           | dtype              | shape                        |
--------------------------------------------------------------------------------------
| atomic_numbers                 | dtype('uint8')     | (4956005, 63)                |
| ccsd(t)_cbs.energy             | dtype('float64')   | (4956005,)                   |
| coordinates                    | dtype('float32')   | (4956005, 63, 3)             |
| wb97x_dz.energy                | dtype('float64')   | (4956005,)                   |
| wb97x_dz.forces                | dtype('float32')   | (4956005, 63, 3)             |
--------------------------------------------------------------------------------------
Finished checking input and target arrays; all necessary arrays were found.
Database: Using auto-generated data indices
Adding split indices for split: test
Arrays for split: test
--------------------------------------------------------------------------------------
| Name                           | dtype              | shape                        |
--------------------------------------------------------------------------------------
| atomic_numbers                 | dtype('int64')     | (48957, 63)                  |
| ccsd(t)_cbs.energy             | dtype('float64')   | (48957,)                     |
| coordinates                    | dtype('float32')   | (48957, 63, 3)               |
| wb97x_dz.energy                | dtype('float32')   | (48957,)                     |
| wb97x_dz.forces                | dtype('float32')   | (48957, 63, 3)               |
| indices                        | dtype('int64')     | (48957,)                     |
| split_indices                  | dtype('int64')     | (48957,)                     |
--------------------------------------------------------------------------------------
Adding split indices for split: valid
Arrays for split: valid
--------------------------------------------------------------------------------------
| Name                           | dtype              | shape                        |
--------------------------------------------------------------------------------------
| atomic_numbers                 | dtype('int64')     | (48957, 63)                  |
| ccsd(t)_cbs.energy             | dtype('float64')   | (48957,)                     |
| coordinates                    | dtype('float32')   | (48957, 63, 3)               |
| wb97x_dz.energy                | dtype('float32')   | (48957,)                     |
| wb97x_dz.forces                | dtype('float32')   | (48957, 63, 3)               |
| indices                        | dtype('int64')     | (48957,)                     |
| split_indices                  | dtype('int64')     | (48957,)                     |
--------------------------------------------------------------------------------------
Adding split indices for split: train
Arrays for split: train
--------------------------------------------------------------------------------------
| Name                           | dtype              | shape                        |
--------------------------------------------------------------------------------------
| atomic_numbers                 | dtype('int64')     | (391657, 63)                 |
| ccsd(t)_cbs.energy             | dtype('float64')   | (391657,)                    |
| coordinates                    | dtype('float32')   | (391657, 63, 3)              |
| wb97x_dz.energy                | dtype('float32')   | (391657,)                    |
| wb97x_dz.forces                | dtype('float32')   | (391657, 63, 3)              |
| indices                        | dtype('int64')     | (391657,)                    |
| split_indices                  | dtype('int64')     | (391657,)                    |
--------------------------------------------------------------------------------------
Database: Splitting complete.
/vast/home/logan_bolton/Github/hippynn-optimizations-expanded/hippynn/databases/database.py:181: UserWarning: Pin memory was set, but target device requested is not CPU. Setting pin_memory=False.
  warnings.warn("Pin memory was set, but target device requested is not CPU. Setting pin_memory=False.")
/vast/home/logan_bolton/Github/hippynn-optimizations-expanded/hippynn/networks/hiphop.py:12: UserWarning: HIP-HOP-NN is still in a beta state: Details, defaults, and API are still subject to change.
  warnings.warn("HIP-HOP-NN is still in a beta state: " "Details, defaults, and API are still subject to change.")
Configuration: {'tensor_model': 'HOP', 'tensor_order': 3, 'tensor_factors': 4}
/vast/home/logan_bolton/Github/hippynn-optimizations-expanded/hippynn/networks/hiphop.py:12: UserWarning: HIP-HOP-NN is still in a beta state: Details, defaults, and API are still subject to change.
  warnings.warn("HIP-HOP-NN is still in a beta state: " "Details, defaults, and API are still subject to change.")
Configuration: {'tensor_model': 'HOP', 'tensor_order': 3, 'tensor_factors': 3}
Configuration: {'tensor_model': 'HOP', 'tensor_order': 3, 'tensor_factors': 2}
Configuration: {'tensor_model': 'HOP', 'tensor_order': 2, 'tensor_factors': 4}
Configuration: {'tensor_model': 'HOP', 'tensor_order': 2, 'tensor_factors': 3}
Configuration: {'tensor_model': 'HOP', 'tensor_order': 2, 'tensor_factors': 2}
Configuration: {'tensor_model': 'HOP', 'tensor_order': 1, 'tensor_factors': 2}
/vast/home/logan_bolton/Github/hippynn-optimizations-expanded/hippynn/networks/hipnn.py:188: UserWarning: Network initialized with unused kwargs={'l_max': 1, 'n_max': 2, 'group_norm': True}
  warnings.warn(f"Network initialized with unused {kwargs=}")
Configuration: {'tensor_model': 'NONE', 'tensor_order': 0, 'tensor_factors': 0}
{'metrics': {(('tensor_factors', 4), ('tensor_model', 'HOP'), ('tensor_order', 3), ('batch_size', 1024)): [1.8182177543640137, 1.8178589344024658, 1.8173749446868896, 1.8183972835540771, 1.8200926780700684], (('tensor_factors', 3), ('tensor_model', 'HOP'), ('tensor_order', 3), ('batch_size', 1024)): [1.489593744277954, 1.4916110038757324, 1.4920790195465088, 1.4897303581237793, 1.4909007549285889], (('tensor_factors', 2), ('tensor_model', 'HOP'), ('tensor_order', 3), ('batch_size', 1024)): [1.2439758777618408, 1.2437810897827148, 1.2415268421173096, 1.2429535388946533, 1.2453691959381104], (('tensor_factors', 4), ('tensor_model', 'HOP'), ('tensor_order', 2), ('batch_size', 1024)): [0.8466551303863525, 0.8480532169342041, 0.8475871086120605, 0.8473660945892334, 0.8480100631713867], (('tensor_factors', 3), ('tensor_model', 'HOP'), ('tensor_order', 2), ('batch_size', 1024)): [0.8226299285888672, 0.8245213031768799, 0.8238837718963623, 0.8232579231262207, 0.8273146152496338], (('tensor_factors', 2), ('tensor_model', 'HOP'), ('tensor_order', 2), ('batch_size', 1024)): [0.7248787879943848, 0.7242176532745361, 0.7289278507232666, 0.7225096225738525, 0.7224762439727783], (('tensor_factors', 2), ('tensor_model', 'HOP'), ('tensor_order', 1), ('batch_size', 1024)): [0.41159772872924805, 0.41169071197509766, 0.4115936756134033, 0.4103691577911377, 0.4109060764312744], (('tensor_factors', 0), ('tensor_model', 'NONE'), ('tensor_order', 0), ('batch_size', 1024)): [0.24558472633361816, 0.24567914009094238, 0.2455744743347168, 0.2457447052001953, 0.24582433700561523]}, 'device_name': 'NVIDIA A100-PCIE-40GB', 'n_configs': 48957}
