/vast/home/logan_bolton/Github/hippynn-optimizations-expanded/hippynn/layers/hiplayers/tensors.py:56: UserWarning: Sparse invariant checks are implicitly disabled. Memory errors (e.g. SEGFAULT) will occur when operating on a sparse tensor which violates the invariants, but checks incur performance overhead. To silence this warning, explicitly opt in or out. See `torch.sparse.check_sparse_tensor_invariants.__doc__` for guidance.  (Triggered internally at /pytorch/aten/src/ATen/Context.cpp:760.)
  xform = torch.sparse_coo_tensor(ind_comb, torch.ones(len(out_order)), dtype=torch.int64).to_dense()
all configs [{'tensor_model': 'HOP', 'tensor_order': 3, 'tensor_factors': 4}, {'tensor_model': 'HOP', 'tensor_order': 3, 'tensor_factors': 3}, {'tensor_model': 'HOP', 'tensor_order': 3, 'tensor_factors': 2}, {'tensor_model': 'HOP', 'tensor_order': 2, 'tensor_factors': 4}, {'tensor_model': 'HOP', 'tensor_order': 2, 'tensor_factors': 3}, {'tensor_model': 'HOP', 'tensor_order': 2, 'tensor_factors': 2}, {'tensor_model': 'HOP', 'tensor_order': 1, 'tensor_factors': 2}, {'tensor_model': 'TS', 'tensor_order': 1, 'tensor_factors': 0}, {'tensor_model': 'TS', 'tensor_order': 2, 'tensor_factors': 0}, {'tensor_model': 'NONE', 'tensor_order': 0, 'tensor_factors': 0}]
Loading arrays from /vast/home/logan_bolton/Github/hippynn-optimizations-expanded/datasets/ani1x-release.h5
Arrays found:  ['atomic_numbers', 'ccsd(t)_cbs.energy', 'coordinates', 'wb97x_dz.energy', 'wb97x_dz.forces', 'sys_number']
Data types:
{'atomic_numbers': dtype('uint8'), 'ccsd(t)_cbs.energy': dtype('float64'), 'coordinates': dtype('float32'), 'wb97x_dz.energy': dtype('float64'), 'wb97x_dz.forces': dtype('float32')}
All arrays:
--------------------------------------------------------------------------------------
| Name                           | dtype              | shape                        |
--------------------------------------------------------------------------------------
| atomic_numbers                 | dtype('uint8')     | (4956005, 63)                |
| ccsd(t)_cbs.energy             | dtype('float64')   | (4956005,)                   |
| coordinates                    | dtype('float32')   | (4956005, 63, 3)             |
| wb97x_dz.energy                | dtype('float64')   | (4956005,)                   |
| wb97x_dz.forces                | dtype('float32')   | (4956005, 63, 3)             |
--------------------------------------------------------------------------------------
Finished checking input and target arrays; all necessary arrays were found.
Database: Using auto-generated data indices
Adding split indices for split: test
Arrays for split: test
--------------------------------------------------------------------------------------
| Name                           | dtype              | shape                        |
--------------------------------------------------------------------------------------
| atomic_numbers                 | dtype('int64')     | (48957, 63)                  |
| ccsd(t)_cbs.energy             | dtype('float64')   | (48957,)                     |
| coordinates                    | dtype('float32')   | (48957, 63, 3)               |
| wb97x_dz.energy                | dtype('float32')   | (48957,)                     |
| wb97x_dz.forces                | dtype('float32')   | (48957, 63, 3)               |
| indices                        | dtype('int64')     | (48957,)                     |
| split_indices                  | dtype('int64')     | (48957,)                     |
--------------------------------------------------------------------------------------
Adding split indices for split: valid
Arrays for split: valid
--------------------------------------------------------------------------------------
| Name                           | dtype              | shape                        |
--------------------------------------------------------------------------------------
| atomic_numbers                 | dtype('int64')     | (48957, 63)                  |
| ccsd(t)_cbs.energy             | dtype('float64')   | (48957,)                     |
| coordinates                    | dtype('float32')   | (48957, 63, 3)               |
| wb97x_dz.energy                | dtype('float32')   | (48957,)                     |
| wb97x_dz.forces                | dtype('float32')   | (48957, 63, 3)               |
| indices                        | dtype('int64')     | (48957,)                     |
| split_indices                  | dtype('int64')     | (48957,)                     |
--------------------------------------------------------------------------------------
Adding split indices for split: train
Arrays for split: train
--------------------------------------------------------------------------------------
| Name                           | dtype              | shape                        |
--------------------------------------------------------------------------------------
| atomic_numbers                 | dtype('int64')     | (391657, 63)                 |
| ccsd(t)_cbs.energy             | dtype('float64')   | (391657,)                    |
| coordinates                    | dtype('float32')   | (391657, 63, 3)              |
| wb97x_dz.energy                | dtype('float32')   | (391657,)                    |
| wb97x_dz.forces                | dtype('float32')   | (391657, 63, 3)              |
| indices                        | dtype('int64')     | (391657,)                    |
| split_indices                  | dtype('int64')     | (391657,)                    |
--------------------------------------------------------------------------------------
Database: Splitting complete.
/vast/home/logan_bolton/Github/hippynn-optimizations-expanded/hippynn/databases/database.py:181: UserWarning: Pin memory was set, but target device requested is not CPU. Setting pin_memory=False.
  warnings.warn("Pin memory was set, but target device requested is not CPU. Setting pin_memory=False.")
/vast/home/logan_bolton/Github/hippynn-optimizations-expanded/hippynn/networks/hiphop.py:12: UserWarning: HIP-HOP-NN is still in a beta state: Details, defaults, and API are still subject to change.
  warnings.warn("HIP-HOP-NN is still in a beta state: " "Details, defaults, and API are still subject to change.")
Configuration: {'tensor_model': 'HOP', 'tensor_order': 3, 'tensor_factors': 4}
/vast/home/logan_bolton/Github/hippynn-optimizations-expanded/hippynn/networks/hiphop.py:12: UserWarning: HIP-HOP-NN is still in a beta state: Details, defaults, and API are still subject to change.
  warnings.warn("HIP-HOP-NN is still in a beta state: " "Details, defaults, and API are still subject to change.")
Configuration: {'tensor_model': 'HOP', 'tensor_order': 3, 'tensor_factors': 3}
Configuration: {'tensor_model': 'HOP', 'tensor_order': 3, 'tensor_factors': 2}
Configuration: {'tensor_model': 'HOP', 'tensor_order': 2, 'tensor_factors': 4}
Configuration: {'tensor_model': 'HOP', 'tensor_order': 2, 'tensor_factors': 3}
Configuration: {'tensor_model': 'HOP', 'tensor_order': 2, 'tensor_factors': 2}
Configuration: {'tensor_model': 'HOP', 'tensor_order': 1, 'tensor_factors': 2}
/vast/home/logan_bolton/Github/hippynn-optimizations-expanded/hippynn/networks/hipnn.py:188: UserWarning: Network initialized with unused kwargs={'l_max': 1, 'n_max': 2, 'group_norm': True}
  warnings.warn(f"Network initialized with unused {kwargs=}")
Configuration: {'tensor_model': 'TS', 'tensor_order': 1, 'tensor_factors': 0}
Configuration: {'tensor_model': 'TS', 'tensor_order': 2, 'tensor_factors': 0}
Configuration: {'tensor_model': 'NONE', 'tensor_order': 0, 'tensor_factors': 0}
{'metrics': {(('tensor_factors', 4), ('tensor_model', 'HOP'), ('tensor_order', 3), ('batch_size', 2048)): [1.764827013015747, 1.763638973236084, 1.7652220726013184, 1.7646124362945557, 1.7653045654296875], (('tensor_factors', 3), ('tensor_model', 'HOP'), ('tensor_order', 3), ('batch_size', 2048)): [1.4391281604766846, 1.438037395477295, 1.4407532215118408, 1.4385833740234375, 1.438976764678955], (('tensor_factors', 2), ('tensor_model', 'HOP'), ('tensor_order', 3), ('batch_size', 2048)): [1.1963341236114502, 1.1968204975128174, 1.1964693069458008, 1.1970524787902832, 1.1972463130950928], (('tensor_factors', 4), ('tensor_model', 'HOP'), ('tensor_order', 2), ('batch_size', 2048)): [0.7890701293945312, 0.7877142429351807, 0.7883000373840332, 0.7879958152770996, 0.7895965576171875], (('tensor_factors', 3), ('tensor_model', 'HOP'), ('tensor_order', 2), ('batch_size', 2048)): [0.7669870853424072, 0.7672984600067139, 0.7670032978057861, 0.7670145034790039, 0.7681374549865723], (('tensor_factors', 2), ('tensor_model', 'HOP'), ('tensor_order', 2), ('batch_size', 2048)): [0.6679849624633789, 0.6691622734069824, 0.6678712368011475, 0.6683146953582764, 0.6689052581787109], (('tensor_factors', 2), ('tensor_model', 'HOP'), ('tensor_order', 1), ('batch_size', 2048)): [0.35433006286621094, 0.3530728816986084, 0.35381293296813965, 0.35312509536743164, 0.35412025451660156], (('tensor_factors', 0), ('tensor_model', 'TS'), ('tensor_order', 1), ('batch_size', 2048)): [0.3794701099395752, 0.38146376609802246, 0.37824058532714844, 0.3769865036010742, 0.3784902095794678], (('tensor_factors', 0), ('tensor_model', 'TS'), ('tensor_order', 2), ('batch_size', 2048)): [0.6944739818572998, 0.6983935832977295, 0.6973936557769775, 0.6982197761535645, 0.6944859027862549], (('tensor_factors', 0), ('tensor_model', 'NONE'), ('tensor_order', 0), ('batch_size', 2048)): [0.18599414825439453, 0.18644070625305176, 0.1862475872039795, 0.1864912509918213, 0.18589496612548828]}, 'device_name': 'NVIDIA A100-PCIE-40GB', 'n_configs': 48957}
